// Jest Snapshot v1, https://goo.gl/fbAQLP

exports[`MonthCalendar render correctly 1`] = `
<styled.div>
  Sample content
</styled.div>
`;
